
> react-kavia@0.1.0 start
> cross-env PUBLIC_URL=./ EDIT_MODE=true webpack serve --config .ve/webpack.config.js --mode development

<i> [webpack-dev-server] Project is running at:
<i> [webpack-dev-server] Loopback: http://localhost:3000/, http://[::1]:3000/
<i> [webpack-dev-server] On Your Network (IPv4): http://172.17.0.2:3000/
<i> [webpack-dev-server] Content not from webpack is served from './public' directory
Injecting EditorRootWrapper import: ../.ve/EditorRootWrapper
asset bundle.js 1.44 MiB [emitted] (name: main)
asset index.html 881 bytes [emitted]
runtime modules 27.5 KiB 14 modules
modules by path ./node_modules/ 1.24 MiB 31 modules
modules by path ./src/ 49.3 KiB
  modules by path ./src/*.css 12.1 KiB 4 modules
  modules by path ./src/*.js 37.2 KiB
    ./src/index.js 532 bytes [built] [code generated]
    ./src/App.js 36.7 KiB [built] [code generated]
modules by path ./.ve/ 15.1 KiB
  modules by path ./.ve/*.js 10.6 KiB 2 modules
  modules by path ./.ve/*.css 2.93 KiB
    ./.ve/EditorOverlay.css 2.25 KiB [built] [code generated]
    ./node_modules/css-loader/dist/cjs.js!./.ve/EditorOverlay.css 697 bytes [built] [code generated]
  ./.ve/EditorOverlay.jsx 1.58 KiB [built] [code generated]
webpack 5.99.9 compiled successfully in 1344 ms
assets by status 881 bytes [cached] 1 asset
assets by path *.js 1.51 MiB
  asset bundle.js 1.45 MiB [emitted] (name: main)
  asset main.c3f81bbf78900d3a91d9.hot-update.js 59 KiB [emitted] [immutable] [hmr] (name: main)
asset main.c3f81bbf78900d3a91d9.hot-update.json 28 bytes [emitted] [immutable] [hmr]
Entrypoint main 1.51 MiB = bundle.js 1.45 MiB main.c3f81bbf78900d3a91d9.hot-update.js 59 KiB
cached modules 1.27 MiB [cached] 41 modules
runtime modules 27.5 KiB 14 modules
javascript modules 44.5 KiB
  ./src/App.js 36.9 KiB [built] [code generated]
  ./src/notifications.js 1.8 KiB [built] [code generated]
  ./src/NotificationSettingsDialog.js 5.81 KiB [built] [code generated]
webpack 5.99.9 compiled successfully in 265 ms
assets by status 881 bytes [cached] 1 asset
assets by path *.js 1.39 MiB
  asset bundle.js 1.38 MiB [emitted] (name: main)
  asset main.1c32f4cf65d3c670ceb0.hot-update.js 6.46 KiB [emitted] [immutable] [hmr] (name: main)
asset main.1c32f4cf65d3c670ceb0.hot-update.json 160 bytes [emitted] [immutable] [hmr]
Entrypoint main 1.39 MiB = bundle.js 1.38 MiB main.1c32f4cf65d3c670ceb0.hot-update.js 6.46 KiB
cached modules 1.26 MiB [cached] 38 modules
runtime modules 27.5 KiB 14 modules
javascript modules 571 bytes
  ./src/index.js 532 bytes [code generated]
  ./src/App.js 39 bytes [built] [code generated] [1 error]

ERROR in ./src/App.js
Module build failed (from ./node_modules/babel-loader/lib/index.js):
SyntaxError: /home/kavia/workspace/code-generation/locallink-hub-27050-c383a5c8/locallink_hub_frontend/src/App.js: Identifier 'requestNotificationPermission' has already been declared. (11:2)

   9 | import NotificationSettingsDialog from './NotificationSettingsDialog';
  10 | import {
> 11 |   requestNotificationPermission,
     |   ^
  12 |   triggerNotification,
  13 |   isNotificationEnabled,
  14 |   loadNotificationSettings
    at constructor (/home/kavia/workspace/code-generation/locallink-hub-27050-c383a5c8/locallink_hub_frontend/node_modules/@babel/parser/lib/index.js:363:19)
    at JSXParserMixin.raise (/home/kavia/workspace/code-generation/locallink-hub-27050-c383a5c8/locallink_hub_frontend/node_modules/@babel/parser/lib/index.js:6609:19)
    at ScopeHandler.checkRedeclarationInScope (/home/kavia/workspace/code-generation/locallink-hub-27050-c383a5c8/locallink_hub_frontend/node_modules/@babel/parser/lib/index.js:1626:19)
    at ScopeHandler.declareName (/home/kavia/workspace/code-generation/locallink-hub-27050-c383a5c8/locallink_hub_frontend/node_modules/@babel/parser/lib/index.js:1592:12)
    at JSXParserMixin.declareNameFromIdentifier (/home/kavia/workspace/code-generation/locallink-hub-27050-c383a5c8/locallink_hub_frontend/node_modules/@babel/parser/lib/index.js:7538:16)
    at JSXParserMixin.checkIdentifier (/home/kavia/workspace/code-generation/locallink-hub-27050-c383a5c8/locallink_hub_frontend/node_modules/@babel/parser/lib/index.js:7534:12)
    at JSXParserMixin.checkLVal (/home/kavia/workspace/code-generation/locallink-hub-27050-c383a5c8/locallink_hub_frontend/node_modules/@babel/parser/lib/index.js:7475:12)
    at JSXParserMixin.finishImportSpecifier (/home/kavia/workspace/code-generation/locallink-hub-27050-c383a5c8/locallink_hub_frontend/node_modules/@babel/parser/lib/index.js:14184:10)
    at JSXParserMixin.parseImportSpecifier (/home/kavia/workspace/code-generation/locallink-hub-27050-c383a5c8/locallink_hub_frontend/node_modules/@babel/parser/lib/index.js:14341:17)
    at JSXParserMixin.parseNamedImportSpecifiers (/home/kavia/workspace/code-generation/locallink-hub-27050-c383a5c8/locallink_hub_frontend/node_modules/@babel/parser/lib/index.js:14320:36)
    at JSXParserMixin.parseImportSpecifiersAndAfter (/home/kavia/workspace/code-generation/locallink-hub-27050-c383a5c8/locallink_hub_frontend/node_modules/@babel/parser/lib/index.js:14160:37)
    at JSXParserMixin.parseImport (/home/kavia/workspace/code-generation/locallink-hub-27050-c383a5c8/locallink_hub_frontend/node_modules/@babel/parser/lib/index.js:14153:17)
    at JSXParserMixin.parseStatementContent (/home/kavia/workspace/code-generation/locallink-hub-27050-c383a5c8/locallink_hub_frontend/node_modules/@babel/parser/lib/index.js:12795:27)
    at JSXParserMixin.parseStatementLike (/home/kavia/workspace/code-generation/locallink-hub-27050-c383a5c8/locallink_hub_frontend/node_modules/@babel/parser/lib/index.js:12685:17)
    at JSXParserMixin.parseModuleItem (/home/kavia/workspace/code-generation/locallink-hub-27050-c383a5c8/locallink_hub_frontend/node_modules/@babel/parser/lib/index.js:12662:17)
    at JSXParserMixin.parseBlockOrModuleBlockBody (/home/kavia/workspace/code-generation/locallink-hub-27050-c383a5c8/locallink_hub_frontend/node_modules/@babel/parser/lib/index.js:13235:36)
    at JSXParserMixin.parseBlockBody (/home/kavia/workspace/code-generation/locallink-hub-27050-c383a5c8/locallink_hub_frontend/node_modules/@babel/parser/lib/index.js:13228:10)
    at JSXParserMixin.parseProgram (/home/kavia/workspace/code-generation/locallink-hub-27050-c383a5c8/locallink_hub_frontend/node_modules/@babel/parser/lib/index.js:12541:10)
    at JSXParserMixin.parseTopLevel (/home/kavia/workspace/code-generation/locallink-hub-27050-c383a5c8/locallink_hub_frontend/node_modules/@babel/parser/lib/index.js:12531:25)
    at JSXParserMixin.parse (/home/kavia/workspace/code-generation/locallink-hub-27050-c383a5c8/locallink_hub_frontend/node_modules/@babel/parser/lib/index.js:14410:10)
    at parse (/home/kavia/workspace/code-generation/locallink-hub-27050-c383a5c8/locallink_hub_frontend/node_modules/@babel/parser/lib/index.js:14444:38)
    at parser (/home/kavia/workspace/code-generation/locallink-hub-27050-c383a5c8/locallink_hub_frontend/node_modules/@babel/core/lib/parser/index.js:41:34)
    at parser.next (<anonymous>)
    at normalizeFile (/home/kavia/workspace/code-generation/locallink-hub-27050-c383a5c8/locallink_hub_frontend/node_modules/@babel/core/lib/transformation/normalize-file.js:64:37)
    at normalizeFile.next (<anonymous>)
    at run (/home/kavia/workspace/code-generation/locallink-hub-27050-c383a5c8/locallink_hub_frontend/node_modules/@babel/core/lib/transformation/index.js:22:50)
    at run.next (<anonymous>)
    at transform (/home/kavia/workspace/code-generation/locallink-hub-27050-c383a5c8/locallink_hub_frontend/node_modules/@babel/core/lib/transform.js:22:33)
    at transform.next (<anonymous>)
    at step (/home/kavia/workspace/code-generation/locallink-hub-27050-c383a5c8/locallink_hub_frontend/node_modules/gensync/index.js:261:32)
    at /home/kavia/workspace/code-generation/locallink-hub-27050-c383a5c8/locallink_hub_frontend/node_modules/gensync/index.js:273:13
    at async.call.result.err.err (/home/kavia/workspace/code-generation/locallink-hub-27050-c383a5c8/locallink_hub_frontend/node_modules/gensync/index.js:223:11)
 @ ./src/index.js 5:0-24 11:32-35

webpack 5.99.9 compiled with 1 error in 34 ms
